ndows PowerShell
Copyright (C) Microsoft Corporation. All rights reserved.

Warning: PowerShell detected that you might be using a screen reader and has disabled PSReadLine for compatibility purposes. If you want to re-enable it, run 'Import-Module PSReadLine'.

Setting PYTHONNOUSERSITE, was not set
Using Python in C:\Espressif\python_env\idf5.5_py3.11_env\Scripts
Python 3.11.2
Using Git in C:\Espressif\tools\idf-git\2.44.0\cmd
git version 2.44.0.windows.1
Activating ESP-IDF 5.5
Setting IDF_PATH to 'C:\Espressif\frameworks\esp-idf-v5.5.5'.
* Checking python version ... 3.11.2
* Checking python dependencies ... OK
* Deactivating the current ESP-IDF environment (if any) ... OK
* Establishing a new ESP-IDF environment ... OK
* Identifying shell ... powershell.exe
* Detecting outdated tools in system ... Found tools that are not used by active ESP-IDF version.
For removing old versions of idf-driver, idf-python-wheels use command 'python.exe C:\Espressif\frameworks\esp-idf-v5.5.5\tools\idf_tools.py uninstall'
To free up even more space, remove installation packages of those tools.
Use option python.exe C:\Espressif\frameworks\esp-idf-v5.5.5\tools\idf_tools.py uninstall --remove-archives.

Done! You can now compile ESP-IDF projects.
Go to the project directory and run:

  idf.py build

PS C:\Espressif\frameworks\esp-idf-v5.5.5> cd D:\Projects\PROD\spotify-knob\firmware
PS D:\Projects\PROD\spotify-knob\firmware> Copy-Item -Recurse "$env:IDF_PATH\examples\get-started\hello_world" .
PS D:\Projects\PROD\spotify-knob\firmware> cd hello_world
PS D:\Projects\PROD\spotify-knob\firmware\hello_world> idf.py set-target esp32s3
Adding "set-target"'s dependency "fullclean" to list of commands with default set of options.
Executing action: fullclean
Build directory 'D:\Projects\PROD\spotify-knob\firmware\hello_world\build' not found. Nothing to clean.
Executing action: set-target
Set Target to: esp32s3, new sdkconfig will be created.
Running cmake in directory D:\Projects\PROD\spotify-knob\firmware\hello_world\build
Executing "cmake -G Ninja -DPYTHON_DEPS_CHECKED=1 -DPYTHON=C:\Espressif\python_env\idf5.5_py3.11_env\Scripts\python.exe -DESP_PLATFORM=1 -DIDF_TARGET=esp32s3 -DCCACHE_ENABLE=1 D:\Projects\PROD\spotify-knob\firmware\hello_world"...
-- Found Git: C:/Espressif/tools/idf-git/2.44.0/cmd/git.exe (found version "2.44.0.windows.1")
-- Component directory C:/Espressif/frameworks/esp-idf-v5.5.5/components/esp_blockdev does not contain a CMakeLists.txt file. No component will be added
-- Minimal build - ON
-- ccache will be used for faster recompilation
-- The C compiler identification is GNU 14.2.0
-- The CXX compiler identification is GNU 14.2.0
-- The ASM compiler identification is GNU
-- Found assembler: C:/Espressif/tools/xtensa-esp-elf/esp-14.2.0_20260121/xtensa-esp-elf/bin/xtensa-esp32s3-elf-gcc.exe
-- Detecting C compiler ABI info
-- Detecting C compiler ABI info - done
-- Check for working C compiler: C:/Espressif/tools/xtensa-esp-elf/esp-14.2.0_20260121/xtensa-esp-elf/bin/xtensa-esp32s3-elf-gcc.exe - skipped
-- Detecting C compile features
-- Detecting C compile features - done
-- Detecting CXX compiler ABI info
-- Detecting CXX compiler ABI info - done
-- Check for working CXX compiler: C:/Espressif/tools/xtensa-esp-elf/esp-14.2.0_20260121/xtensa-esp-elf/bin/xtensa-esp32s3-elf-g++.exe - skipped
-- Detecting CXX compile features
-- Detecting CXX compile features - done
-- git rev-parse returned 'fatal: detected dubious ownership in repository at 'D:/Projects/PROD/spotify-knob'
'D:/Projects/PROD/spotify-knob' is owned by:
        BUILTIN/Administrators (S-1-5-32-544)
but the current user is:
        PC1/Ryan (S-1-5-21-3752295808-1645018089-2943137684-1006)
To add an exception for this directory, call:

        git config --global --add safe.directory D:/Projects/PROD/spotify-knob'
-- Could not use 'git describe' to determine PROJECT_VER.
-- Building ESP-IDF components for target esp32s3
-- ESP-TEE is currently supported only on the esp32c6;esp32h2;esp32c5 SoCs
-- Project sdkconfig file D:/Projects/PROD/spotify-knob/firmware/hello_world/sdkconfig
-- Compiler supported targets: xtensa-esp-elf
-- Detecting C compiler ABI info
-- Detecting C compiler ABI info - done
-- Detecting CXX compiler ABI info
-- Detecting CXX compiler ABI info - done
-- Detecting C compiler ABI info
-- Detecting C compiler ABI info - done
-- Detecting CXX compiler ABI info
-- Detecting CXX compiler ABI info - done
-- Found Python3: C:/Espressif/python_env/idf5.5_py3.11_env/Scripts/python.exe (found version "3.11.2") found components: Interpreter
-- Performing Test CMAKE_HAVE_LIBC_PTHREAD
-- Performing Test CMAKE_HAVE_LIBC_PTHREAD - Success
-- Found Threads: TRUE
-- Performing Test C_COMPILER_SUPPORTS_WFORMAT_SIGNEDNESS
-- Performing Test C_COMPILER_SUPPORTS_WFORMAT_SIGNEDNESS - Success
-- USING O3
-- App "hello_world" version: 1
-- Adding linker script D:/Projects/PROD/spotify-knob/firmware/hello_world/build/esp-idf/esp_system/ld/memory.ld
-- Adding linker script D:/Projects/PROD/spotify-knob/firmware/hello_world/build/esp-idf/esp_system/ld/sections.ld.in
-- Adding linker script C:/Espressif/frameworks/esp-idf-v5.5.5/components/esp_rom/esp32s3/ld/esp32s3.rom.ld
-- Adding linker script C:/Espressif/frameworks/esp-idf-v5.5.5/components/esp_rom/esp32s3/ld/esp32s3.rom.api.ld
-- Adding linker script C:/Espressif/frameworks/esp-idf-v5.5.5/components/esp_rom/esp32s3/ld/esp32s3.rom.bt_funcs.ld
-- Adding linker script C:/Espressif/frameworks/esp-idf-v5.5.5/components/esp_rom/esp32s3/ld/esp32s3.rom.libgcc.ld
-- Adding linker script C:/Espressif/frameworks/esp-idf-v5.5.5/components/esp_rom/esp32s3/ld/esp32s3.rom.wdt.ld
-- Adding linker script C:/Espressif/frameworks/esp-idf-v5.5.5/components/esp_rom/esp32s3/ld/esp32s3.rom.version.ld
-- Adding linker script C:/Espressif/frameworks/esp-idf-v5.5.5/components/esp_rom/esp32s3/ld/esp32s3.rom.ble_master.ld
-- Adding linker script C:/Espressif/frameworks/esp-idf-v5.5.5/components/esp_rom/esp32s3/ld/esp32s3.rom.ble_50.ld
-- Adding linker script C:/Espressif/frameworks/esp-idf-v5.5.5/components/esp_rom/esp32s3/ld/esp32s3.rom.ble_smp.ld
-- Adding linker script C:/Espressif/frameworks/esp-idf-v5.5.5/components/esp_rom/esp32s3/ld/esp32s3.rom.ble_dtm.ld
-- Adding linker script C:/Espressif/frameworks/esp-idf-v5.5.5/components/esp_rom/esp32s3/ld/esp32s3.rom.ble_test.ld
-- Adding linker script C:/Espressif/frameworks/esp-idf-v5.5.5/components/esp_rom/esp32s3/ld/esp32s3.rom.ble_scan.ld
-- Adding linker script C:/Espressif/frameworks/esp-idf-v5.5.5/components/esp_rom/esp32s3/ld/esp32s3.rom.libc.ld
-- Adding linker script C:/Espressif/frameworks/esp-idf-v5.5.5/components/esp_rom/esp32s3/ld/esp32s3.rom.newlib.ld
-- Adding linker script C:/Espressif/frameworks/esp-idf-v5.5.5/components/soc/esp32s3/ld/esp32s3.peripherals.ld
-- Components: app_update bootloader bootloader_support cxx efuse esp_app_format esp_bootloader_format esp_common esp_driver_gpio esp_hw_support esp_mm esp_partition esp_pm esp_rom esp_security esp_system esp_timer esptool_py freertos hal heap log main mbedtls newlib partition_table pthread soc spi_flash xtensa
-- Component paths: C:/Espressif/frameworks/esp-idf-v5.5.5/components/app_update C:/Espressif/frameworks/esp-idf-v5.5.5/components/bootloader C:/Espressif/frameworks/esp-idf-v5.5.5/components/bootloader_support C:/Espressif/frameworks/esp-idf-v5.5.5/components/cxx C:/Espressif/frameworks/esp-idf-v5.5.5/components/efuse C:/Espressif/frameworks/esp-idf-v5.5.5/components/esp_app_format C:/Espressif/frameworks/esp-idf-v5.5.5/components/esp_bootloader_format C:/Espressif/frameworks/esp-idf-v5.5.5/components/esp_common C:/Espressif/frameworks/esp-idf-v5.5.5/components/esp_driver_gpio C:/Espressif/frameworks/esp-idf-v5.5.5/components/esp_hw_support C:/Espressif/frameworks/esp-idf-v5.5.5/components/esp_mm C:/Espressif/frameworks/esp-idf-v5.5.5/components/esp_partition C:/Espressif/frameworks/esp-idf-v5.5.5/components/esp_pm C:/Espressif/frameworks/esp-idf-v5.5.5/components/esp_rom C:/Espressif/frameworks/esp-idf-v5.5.5/components/esp_security C:/Espressif/frameworks/esp-idf-v5.5.5/components/esp_system C:/Espressif/frameworks/esp-idf-v5.5.5/components/esp_timer C:/Espressif/frameworks/esp-idf-v5.5.5/components/esptool_py C:/Espressif/frameworks/esp-idf-v5.5.5/components/freertos C:/Espressif/frameworks/esp-idf-v5.5.5/components/hal C:/Espressif/frameworks/esp-idf-v5.5.5/components/heap C:/Espressif/frameworks/esp-idf-v5.5.5/components/log D:/Projects/PROD/spotify-knob/firmware/hello_world/main C:/Espressif/frameworks/esp-idf-v5.5.5/components/mbedtls C:/Espressif/frameworks/esp-idf-v5.5.5/components/newlib C:/Espressif/frameworks/esp-idf-v5.5.5/components/partition_table C:/Espressif/frameworks/esp-idf-v5.5.5/components/pthread C:/Espressif/frameworks/esp-idf-v5.5.5/components/soc C:/Espressif/frameworks/esp-idf-v5.5.5/components/spi_flash C:/Espressif/frameworks/esp-idf-v5.5.5/components/xtensa
-- Configuring done (13.1s)
-- Generating done (0.5s)
-- Build files have been written to: D:/Projects/PROD/spotify-knob/firmware/hello_world/build
PS D:\Projects\PROD\spotify-knob\firmware\hello_world> idf.py menuconfig
Executing action: menuconfig
Running ninja in directory D:\Projects\PROD\spotify-knob\firmware\hello_world\build
Executing "ninja menuconfig"...
[0/1] C:\WINDOWS\system32\cmd.exe /C "cd /D D:\Projects\...ojects/PROD/spotify-knob/firmware/hello_world/sdkconfig"C:/Espressif/frameworks/esp-idf-v5.5.5/Kconfig:15: warning: IDF_ENV_FPGA has 'option env="IDF_ENV_FPGA"', but the environment variable IDF_ENV_FPGA is not set
Loaded configuration 'D:/Projects/PROD/spotify-knob/firmware/hello_world/sdkconfig'
No changes to save (for 'D:/Projects/PROD/spotify-knob/firmware/hello_world/sdkconfig')

PS D:\Projects\PROD\spotify-knob\firmware\hello_world> idf.py menuconfig
Executing action: menuconfig
Running ninja in directory D:\Projects\PROD\spotify-knob\firmware\hello_world\build
Executing "ninja menuconfig"...
[0/1] Re-running CMake...-- Component directory C:/Espressif/frameworks/esp-idf-v5.5.5/components/esp_blockdev does not contain a CMakeLists.txt file. No component will be added
-- Minimal build - OFF
-- ccache will be used for faster recompilation
-- git rev-parse returned 'fatal: detected dubious ownership in repository at 'D:/Projects/PROD/spotify-knob'
'D:/Projects/PROD/spotify-knob' is owned by:
        BUILTIN/Administrators (S-1-5-32-544)
but the current user is:
        PC1/Ryan (S-1-5-21-3752295808-1645018089-2943137684-1006)
To add an exception for this directory, call:

        git config --global --add safe.directory D:/Projects/PROD/spotify-knob'
-- Could not use 'git describe' to determine PROJECT_VER.
-- Building ESP-IDF components for target esp32s3
-- ESP-TEE is currently supported only on the esp32c6;esp32h2;esp32c5 SoCs
-- Project sdkconfig file D:/Projects/PROD/spotify-knob/firmware/hello_world/sdkconfig
-- Compiler supported targets: xtensa-esp-elf
-- Detecting C compiler ABI info
-- Detecting C compiler ABI info - done
-- Detecting CXX compiler ABI info
-- Detecting CXX compiler ABI info - done
-- Detecting C compiler ABI info
-- Detecting C compiler ABI info - done
-- Detecting CXX compiler ABI info
-- Detecting CXX compiler ABI info - done
-- USING O3
-- App "hello_world" version: 1
-- Adding linker script D:/Projects/PROD/spotify-knob/firmware/hello_world/build/esp-idf/esp_system/ld/memory.ld
-- Adding linker script D:/Projects/PROD/spotify-knob/firmware/hello_world/build/esp-idf/esp_system/ld/sections.ld.in
-- Adding linker script C:/Espressif/frameworks/esp-idf-v5.5.5/components/esp_rom/esp32s3/ld/esp32s3.rom.ld
-- Adding linker script C:/Espressif/frameworks/esp-idf-v5.5.5/components/esp_rom/esp32s3/ld/esp32s3.rom.api.ld
-- Adding linker script C:/Espressif/frameworks/esp-idf-v5.5.5/components/esp_rom/esp32s3/ld/esp32s3.rom.bt_funcs.ld
-- Adding linker script C:/Espressif/frameworks/esp-idf-v5.5.5/components/esp_rom/esp32s3/ld/esp32s3.rom.libgcc.ld
-- Adding linker script C:/Espressif/frameworks/esp-idf-v5.5.5/components/esp_rom/esp32s3/ld/esp32s3.rom.wdt.ld
-- Adding linker script C:/Espressif/frameworks/esp-idf-v5.5.5/components/esp_rom/esp32s3/ld/esp32s3.rom.version.ld
-- Adding linker script C:/Espressif/frameworks/esp-idf-v5.5.5/components/esp_rom/esp32s3/ld/esp32s3.rom.ble_master.ld
-- Adding linker script C:/Espressif/frameworks/esp-idf-v5.5.5/components/esp_rom/esp32s3/ld/esp32s3.rom.ble_50.ld
-- Adding linker script C:/Espressif/frameworks/esp-idf-v5.5.5/components/esp_rom/esp32s3/ld/esp32s3.rom.ble_smp.ld
-- Adding linker script C:/Espressif/frameworks/esp-idf-v5.5.5/components/esp_rom/esp32s3/ld/esp32s3.rom.ble_dtm.ld
-- Adding linker script C:/Espressif/frameworks/esp-idf-v5.5.5/components/esp_rom/esp32s3/ld/esp32s3.rom.ble_test.ld
-- Adding linker script C:/Espressif/frameworks/esp-idf-v5.5.5/components/esp_rom/esp32s3/ld/esp32s3.rom.ble_scan.ld
-- Adding linker script C:/Espressif/frameworks/esp-idf-v5.5.5/components/esp_rom/esp32s3/ld/esp32s3.rom.libc.ld
-- Adding linker script C:/Espressif/frameworks/esp-idf-v5.5.5/components/esp_rom/esp32s3/ld/esp32s3.rom.newlib.ld
-- Adding linker script C:/Espressif/frameworks/esp-idf-v5.5.5/components/soc/esp32s3/ld/esp32s3.peripherals.ld
-- Components: app_trace app_update bootloader bootloader_support bt cmock console cxx driver efuse esp-tls esp_adc esp_app_format esp_bootloader_format esp_coex esp_common esp_driver_ana_cmpr esp_driver_bitscrambler esp_driver_cam esp_driver_dac esp_driver_gpio esp_driver_gptimer esp_driver_i2c esp_driver_i2s esp_driver_isp esp_driver_jpeg esp_driver_ledc esp_driver_mcpwm esp_driver_parlio esp_driver_pcnt esp_driver_ppa esp_driver_rmt esp_driver_sdio esp_driver_sdm esp_driver_sdmmc esp_driver_sdspi esp_driver_spi esp_driver_touch_sens esp_driver_tsens esp_driver_twai esp_driver_uart esp_driver_usb_serial_jtag esp_eth esp_event esp_gdbstub esp_hal_ieee802154 esp_hid esp_http_client esp_http_server esp_https_ota esp_https_server esp_hw_support esp_lcd esp_local_ctrl esp_mm esp_netif esp_netif_stack esp_partition esp_phy esp_pm esp_psram esp_ringbuf esp_rom esp_security esp_system esp_timer esp_vfs_console esp_wifi espcoredump esptool_py fatfs freertos hal heap http_parser idf_test ieee802154 json log lwip main mbedtls mqtt newlib nvs_flash nvs_sec_provider openthread partition_table perfmon protobuf-c protocomm pthread rt sdmmc soc spi_flash spiffs tcp_transport touch_element ulp unity usb vfs wear_levelling wifi_provisioning wpa_supplicant xtensa
-- Component paths: C:/Espressif/frameworks/esp-idf-v5.5.5/components/app_trace C:/Espressif/frameworks/esp-idf-v5.5.5/components/app_update C:/Espressif/frameworks/esp-idf-v5.5.5/components/bootloader C:/Espressif/frameworks/esp-idf-v5.5.5/components/bootloader_support C:/Espressif/frameworks/esp-idf-v5.5.5/components/bt C:/Espressif/frameworks/esp-idf-v5.5.5/components/cmock C:/Espressif/frameworks/esp-idf-v5.5.5/components/console C:/Espressif/frameworks/esp-idf-v5.5.5/components/cxx C:/Espressif/frameworks/esp-idf-v5.5.5/components/driver C:/Espressif/frameworks/esp-idf-v5.5.5/components/efuse C:/Espressif/frameworks/esp-idf-v5.5.5/components/esp-tls C:/Espressif/frameworks/esp-idf-v5.5.5/components/esp_adc C:/Espressif/frameworks/esp-idf-v5.5.5/components/esp_app_format C:/Espressif/frameworks/esp-idf-v5.5.5/components/esp_bootloader_format C:/Espressif/frameworks/esp-idf-v5.5.5/components/esp_coex C:/Espressif/frameworks/esp-idf-v5.5.5/components/esp_common C:/Espressif/frameworks/esp-idf-v5.5.5/components/esp_driver_ana_cmpr C:/Espressif/frameworks/esp-idf-v5.5.5/components/esp_driver_bitscrambler C:/Espressif/frameworks/esp-idf-v5.5.5/components/esp_driver_cam C:/Espressif/frameworks/esp-idf-v5.5.5/components/esp_driver_dac C:/Espressif/frameworks/esp-idf-v5.5.5/components/esp_driver_gpio C:/Espressif/frameworks/esp-idf-v5.5.5/components/esp_driver_gptimer C:/Espressif/frameworks/esp-idf-v5.5.5/components/esp_driver_i2c C:/Espressif/frameworks/esp-idf-v5.5.5/components/esp_driver_i2s C:/Espressif/frameworks/esp-idf-v5.5.5/components/esp_driver_isp C:/Espressif/frameworks/esp-idf-v5.5.5/components/esp_driver_jpeg C:/Espressif/frameworks/esp-idf-v5.5.5/components/esp_driver_ledc C:/Espressif/frameworks/esp-idf-v5.5.5/components/esp_driver_mcpwm C:/Espressif/frameworks/esp-idf-v5.5.5/components/esp_driver_parlio C:/Espressif/frameworks/esp-idf-v5.5.5/components/esp_driver_pcnt C:/Espressif/frameworks/esp-idf-v5.5.5/components/esp_driver_ppa C:/Espressif/frameworks/esp-idf-v5.5.5/components/esp_driver_rmt C:/Espressif/frameworks/esp-idf-v5.5.5/components/esp_driver_sdio C:/Espressif/frameworks/esp-idf-v5.5.5/components/esp_driver_sdm C:/Espressif/frameworks/esp-idf-v5.5.5/components/esp_driver_sdmmc C:/Espressif/frameworks/esp-idf-v5.5.5/components/esp_driver_sdspi C:/Espressif/frameworks/esp-idf-v5.5.5/components/esp_driver_spi C:/Espressif/frameworks/esp-idf-v5.5.5/components/esp_driver_touch_sens C:/Espressif/frameworks/esp-idf-v5.5.5/components/esp_driver_tsens C:/Espressif/frameworks/esp-idf-v5.5.5/components/esp_driver_twai C:/Espressif/frameworks/esp-idf-v5.5.5/components/esp_driver_uart C:/Espressif/frameworks/esp-idf-v5.5.5/components/esp_driver_usb_serial_jtag C:/Espressif/frameworks/esp-idf-v5.5.5/components/esp_eth C:/Espressif/frameworks/esp-idf-v5.5.5/components/esp_event C:/Espressif/frameworks/esp-idf-v5.5.5/components/esp_gdbstub C:/Espressif/frameworks/esp-idf-v5.5.5/components/esp_hal_ieee802154 C:/Espressif/frameworks/esp-idf-v5.5.5/components/esp_hid C:/Espressif/frameworks/esp-idf-v5.5.5/components/esp_http_client C:/Espressif/frameworks/esp-idf-v5.5.5/components/esp_http_server C:/Espressif/frameworks/esp-idf-v5.5.5/components/esp_https_ota C:/Espressif/frameworks/esp-idf-v5.5.5/components/esp_https_server C:/Espressif/frameworks/esp-idf-v5.5.5/components/esp_hw_support C:/Espressif/frameworks/esp-idf-v5.5.5/components/esp_lcd C:/Espressif/frameworks/esp-idf-v5.5.5/components/esp_local_ctrl C:/Espressif/frameworks/esp-idf-v5.5.5/components/esp_mm C:/Espressif/frameworks/esp-idf-v5.5.5/components/esp_netif C:/Espressif/frameworks/esp-idf-v5.5.5/components/esp_netif_stack C:/Espressif/frameworks/esp-idf-v5.5.5/components/esp_partition C:/Espressif/frameworks/esp-idf-v5.5.5/components/esp_phy C:/Espressif/frameworks/esp-idf-v5.5.5/components/esp_pm C:/Espressif/frameworks/esp-idf-v5.5.5/components/esp_psram C:/Espressif/frameworks/esp-idf-v5.5.5/components/esp_ringbuf C:/Espressif/frameworks/esp-idf-v5.5.5/components/esp_rom C:/Espressif/frameworks/esp-idf-v5.5.5/components/esp_security C:/Espressif/frameworks/esp-idf-v5.5.5/components/esp_system C:/Espressif/frameworks/esp-idf-v5.5.5/components/esp_timer C:/Espressif/frameworks/esp-idf-v5.5.5/components/esp_vfs_console C:/Espressif/frameworks/esp-idf-v5.5.5/components/esp_wifi C:/Espressif/frameworks/esp-idf-v5.5.5/components/espcoredump C:/Espressif/frameworks/esp-idf-v5.5.5/components/esptool_py C:/Espressif/frameworks/esp-idf-v5.5.5/components/fatfs C:/Espressif/frameworks/esp-idf-v5.5.5/components/freertos C:/Espressif/frameworks/esp-idf-v5.5.5/components/hal C:/Espressif/frameworks/esp-idf-v5.5.5/components/heap C:/Espressif/frameworks/esp-idf-v5.5.5/components/http_parser C:/Espressif/frameworks/esp-idf-v5.5.5/components/idf_test C:/Espressif/frameworks/esp-idf-v5.5.5/components/ieee802154 C:/Espressif/frameworks/esp-idf-v5.5.5/components/json C:/Espressif/frameworks/esp-idf-v5.5.5/components/log C:/Espressif/frameworks/esp-idf-v5.5.5/components/lwip D:/Projects/PROD/spotify-knob/firmware/hello_world/main C:/Espressif/frameworks/esp-idf-v5.5.5/components/mbedtls C:/Espressif/frameworks/esp-idf-v5.5.5/components/mqtt C:/Espressif/frameworks/esp-idf-v5.5.5/components/newlib C:/Espressif/frameworks/esp-idf-v5.5.5/components/nvs_flash C:/Espressif/frameworks/esp-idf-v5.5.5/components/nvs_sec_provider C:/Espressif/frameworks/esp-idf-v5.5.5/components/openthread C:/Espressif/frameworks/esp-idf-v5.5.5/components/partition_table C:/Espressif/frameworks/esp-idf-v5.5.5/components/perfmon C:/Espressif/frameworks/esp-idf-v5.5.5/components/protobuf-c C:/Espressif/frameworks/esp-idf-v5.5.5/components/protocomm C:/Espressif/frameworks/esp-idf-v5.5.5/components/pthread C:/Espressif/frameworks/esp-idf-v5.5.5/components/rt C:/Espressif/frameworks/esp-idf-v5.5.5/components/sdmmc C:/Espressif/frameworks/esp-idf-v5.5.5/components/soc C:/Espressif/frameworks/esp-idf-v5.5.5/components/spi_flash C:/Espressif/frameworks/esp-idf-v5.5.5/components/spiffs C:/Espressif/frameworks/esp-idf-v5.5.5/components/tcp_transport C:/Espressif/frameworks/esp-idf-v5.5.5/components/touch_element C:/Espressif/frameworks/esp-idf-v5.5.5/components/ulp C:/Espressif/frameworks/esp-idf-v5.5.5/components/unity C:/Espressif/frameworks/esp-idf-v5.5.5/components/usb C:/Espressif/frameworks/esp-idf-v5.5.5/components/vfs C:/Espressif/frameworks/esp-idf-v5.5.5/components/wear_levelling C:/Espressif/frameworks/esp-idf-v5.5.5/components/wifi_provisioning C:/Espressif/frameworks/esp-idf-v5.5.5/components/wpa_supplicant C:/Espressif/frameworks/esp-idf-v5.5.5/components/xtensa
-- Configuring done (10.8s)
-- Generating done (1.4s)
-- Build files have been written to: D:/Projects/PROD/spotify-knob/firmware/hello_world/build

[0/2] C:\WINDOWS\system32\cmd.exe /C "cd /D D:\Projects\...ojects/PROD/spotify-knob/firmware/hello_world/sdkconfig"C:/Espressif/frameworks/esp-idf-v5.5.5/Kconfig:15: warning: IDF_ENV_FPGA has 'option env="IDF_ENV_FPGA"', but the environment variable IDF_ENV_FPGA is not set
Loaded configuration 'D:/Projects/PROD/spotify-knob/firmware/hello_world/sdkconfig'
Configuration saved to 'D:/Projects/PROD/spotify-knob/firmware/hello_world/sdkconfig'

PS D:\Projects\PROD\spotify-knob\firmware\hello_world> idf.py -p COM7 flash monitor
Executing action: flash
Running ninja in directory D:\Projects\PROD\spotify-knob\firmware\hello_world\build
Executing "ninja flash"...
[0/1] Re-running CMake...
-- Component directory C:/Espressif/frameworks/esp-idf-v5.5.5/components/esp_blockdev does not contain a CMakeLists.txt file. No component will be added
-- Minimal build - OFF
-- ccache will be used for faster recompilation
-- git rev-parse returned 'fatal: detected dubious ownership in repository at 'D:/Projects/PROD/spotify-knob'
'D:/Projects/PROD/spotify-knob' is owned by:
        BUILTIN/Administrators (S-1-5-32-544)
but the current user is:
        PC1/Ryan (S-1-5-21-3752295808-1645018089-2943137684-1006)
To add an exception for this directory, call:

        git config --global --add safe.directory D:/Projects/PROD/spotify-knob'
-- Could not use 'git describe' to determine PROJECT_VER.
-- Building ESP-IDF components for target esp32s3
-- ESP-TEE is currently supported only on the esp32c6;esp32h2;esp32c5 SoCs
-- Project sdkconfig file D:/Projects/PROD/spotify-knob/firmware/hello_world/sdkconfig
-- Compiler supported targets: xtensa-esp-elf
-- Detecting C compiler ABI info
-- Detecting C compiler ABI info - done
-- Detecting CXX compiler ABI info
-- Detecting CXX compiler ABI info - done
-- Detecting C compiler ABI info
-- Detecting C compiler ABI info - done
-- Detecting CXX compiler ABI info
-- Detecting CXX compiler ABI info - done
-- USING O3
-- App "hello_world" version: 1
-- Adding linker script D:/Projects/PROD/spotify-knob/firmware/hello_world/build/esp-idf/esp_system/ld/memory.ld
-- Adding linker script D:/Projects/PROD/spotify-knob/firmware/hello_world/build/esp-idf/esp_system/ld/sections.ld.in
-- Adding linker script C:/Espressif/frameworks/esp-idf-v5.5.5/components/esp_rom/esp32s3/ld/esp32s3.rom.ld
-- Adding linker script C:/Espressif/frameworks/esp-idf-v5.5.5/components/esp_rom/esp32s3/ld/esp32s3.rom.api.ld
-- Adding linker script C:/Espressif/frameworks/esp-idf-v5.5.5/components/esp_rom/esp32s3/ld/esp32s3.rom.bt_funcs.ld
-- Adding linker script C:/Espressif/frameworks/esp-idf-v5.5.5/components/esp_rom/esp32s3/ld/esp32s3.rom.libgcc.ld
-- Adding linker script C:/Espressif/frameworks/esp-idf-v5.5.5/components/esp_rom/esp32s3/ld/esp32s3.rom.wdt.ld
-- Adding linker script C:/Espressif/frameworks/esp-idf-v5.5.5/components/esp_rom/esp32s3/ld/esp32s3.rom.version.ld
-- Adding linker script C:/Espressif/frameworks/esp-idf-v5.5.5/components/esp_rom/esp32s3/ld/esp32s3.rom.ble_cca.ld
-- Adding linker script C:/Espressif/frameworks/esp-idf-v5.5.5/components/esp_rom/esp32s3/ld/esp32s3.rom.ble_test.ld
-- Adding linker script C:/Espressif/frameworks/esp-idf-v5.5.5/components/esp_rom/esp32s3/ld/esp32s3.rom.libc.ld
-- Adding linker script C:/Espressif/frameworks/esp-idf-v5.5.5/components/esp_rom/esp32s3/ld/esp32s3.rom.newlib.ld
-- Adding linker script C:/Espressif/frameworks/esp-idf-v5.5.5/components/soc/esp32s3/ld/esp32s3.peripherals.ld
-- Components: app_trace app_update bootloader bootloader_support bt cmock console cxx driver efuse esp-tls esp_adc esp_app_format esp_bootloader_format esp_coex esp_common esp_driver_ana_cmpr esp_driver_bitscrambler esp_driver_cam esp_driver_dac esp_driver_gpio esp_driver_gptimer esp_driver_i2c esp_driver_i2s esp_driver_isp esp_driver_jpeg esp_driver_ledc esp_driver_mcpwm esp_driver_parlio esp_driver_pcnt esp_driver_ppa esp_driver_rmt esp_driver_sdio esp_driver_sdm esp_driver_sdmmc esp_driver_sdspi esp_driver_spi esp_driver_touch_sens esp_driver_tsens esp_driver_twai esp_driver_uart esp_driver_usb_serial_jtag esp_eth esp_event esp_gdbstub esp_hal_ieee802154 esp_hid esp_http_client esp_http_server esp_https_ota esp_https_server esp_hw_support esp_lcd esp_local_ctrl esp_mm esp_netif esp_netif_stack esp_partition esp_phy esp_pm esp_psram esp_ringbuf esp_rom esp_security esp_system esp_timer esp_vfs_console esp_wifi espcoredump esptool_py fatfs freertos hal heap http_parser idf_test ieee802154 json log lwip main mbedtls mqtt newlib nvs_flash nvs_sec_provider openthread partition_table perfmon protobuf-c protocomm pthread rt sdmmc soc spi_flash spiffs tcp_transport touch_element ulp unity usb vfs wear_levelling wifi_provisioning wpa_supplicant xtensa
-- Component paths: C:/Espressif/frameworks/esp-idf-v5.5.5/components/app_trace C:/Espressif/frameworks/esp-idf-v5.5.5/components/app_update C:/Espressif/frameworks/esp-idf-v5.5.5/components/bootloader C:/Espressif/frameworks/esp-idf-v5.5.5/components/bootloader_support C:/Espressif/frameworks/esp-idf-v5.5.5/components/bt C:/Espressif/frameworks/esp-idf-v5.5.5/components/cmock C:/Espressif/frameworks/esp-idf-v5.5.5/components/console C:/Espressif/frameworks/esp-idf-v5.5.5/components/cxx C:/Espressif/frameworks/esp-idf-v5.5.5/components/driver C:/Espressif/frameworks/esp-idf-v5.5.5/components/efuse C:/Espressif/frameworks/esp-idf-v5.5.5/components/esp-tls C:/Espressif/frameworks/esp-idf-v5.5.5/components/esp_adc C:/Espressif/frameworks/esp-idf-v5.5.5/components/esp_app_format C:/Espressif/frameworks/esp-idf-v5.5.5/components/esp_bootloader_format C:/Espressif/frameworks/esp-idf-v5.5.5/components/esp_coex C:/Espressif/frameworks/esp-idf-v5.5.5/components/esp_common C:/Espressif/frameworks/esp-idf-v5.5.5/components/esp_driver_ana_cmpr C:/Espressif/frameworks/esp-idf-v5.5.5/components/esp_driver_bitscrambler C:/Espressif/frameworks/esp-idf-v5.5.5/components/esp_driver_cam C:/Espressif/frameworks/esp-idf-v5.5.5/components/esp_driver_dac C:/Espressif/frameworks/esp-idf-v5.5.5/components/esp_driver_gpio C:/Espressif/frameworks/esp-idf-v5.5.5/components/esp_driver_gptimer C:/Espressif/frameworks/esp-idf-v5.5.5/components/esp_driver_i2c C:/Espressif/frameworks/esp-idf-v5.5.5/components/esp_driver_i2s C:/Espressif/frameworks/esp-idf-v5.5.5/components/esp_driver_isp C:/Espressif/frameworks/esp-idf-v5.5.5/components/esp_driver_jpeg C:/Espressif/frameworks/esp-idf-v5.5.5/components/esp_driver_ledc C:/Espressif/frameworks/esp-idf-v5.5.5/components/esp_driver_mcpwm C:/Espressif/frameworks/esp-idf-v5.5.5/components/esp_driver_parlio C:/Espressif/frameworks/esp-idf-v5.5.5/components/esp_driver_pcnt C:/Espressif/frameworks/esp-idf-v5.5.5/components/esp_driver_ppa C:/Espressif/frameworks/esp-idf-v5.5.5/components/esp_driver_rmt C:/Espressif/frameworks/esp-idf-v5.5.5/components/esp_driver_sdio C:/Espressif/frameworks/esp-idf-v5.5.5/components/esp_driver_sdm C:/Espressif/frameworks/esp-idf-v5.5.5/components/esp_driver_sdmmc C:/Espressif/frameworks/esp-idf-v5.5.5/components/esp_driver_sdspi C:/Espressif/frameworks/esp-idf-v5.5.5/components/esp_driver_spi C:/Espressif/frameworks/esp-idf-v5.5.5/components/esp_driver_touch_sens C:/Espressif/frameworks/esp-idf-v5.5.5/components/esp_driver_tsens C:/Espressif/frameworks/esp-idf-v5.5.5/components/esp_driver_twai C:/Espressif/frameworks/esp-idf-v5.5.5/components/esp_driver_uart C:/Espressif/frameworks/esp-idf-v5.5.5/components/esp_driver_usb_serial_jtag C:/Espressif/frameworks/esp-idf-v5.5.5/components/esp_eth C:/Espressif/frameworks/esp-idf-v5.5.5/components/esp_event C:/Espressif/frameworks/esp-idf-v5.5.5/components/esp_gdbstub C:/Espressif/frameworks/esp-idf-v5.5.5/components/esp_hal_ieee802154 C:/Espressif/frameworks/esp-idf-v5.5.5/components/esp_hid C:/Espressif/frameworks/esp-idf-v5.5.5/components/esp_http_client C:/Espressif/frameworks/esp-idf-v5.5.5/components/esp_http_server C:/Espressif/frameworks/esp-idf-v5.5.5/components/esp_https_ota C:/Espressif/frameworks/esp-idf-v5.5.5/components/esp_https_server C:/Espressif/frameworks/esp-idf-v5.5.5/components/esp_hw_support C:/Espressif/frameworks/esp-idf-v5.5.5/components/esp_lcd C:/Espressif/frameworks/esp-idf-v5.5.5/components/esp_local_ctrl C:/Espressif/frameworks/esp-idf-v5.5.5/components/esp_mm C:/Espressif/frameworks/esp-idf-v5.5.5/components/esp_netif C:/Espressif/frameworks/esp-idf-v5.5.5/components/esp_netif_stack C:/Espressif/frameworks/esp-idf-v5.5.5/components/esp_partition C:/Espressif/frameworks/esp-idf-v5.5.5/components/esp_phy C:/Espressif/frameworks/esp-idf-v5.5.5/components/esp_pm C:/Espressif/frameworks/esp-idf-v5.5.5/components/esp_psram C:/Espressif/frameworks/esp-idf-v5.5.5/components/esp_ringbuf C:/Espressif/frameworks/esp-idf-v5.5.5/components/esp_rom C:/Espressif/frameworks/esp-idf-v5.5.5/components/esp_security C:/Espressif/frameworks/esp-idf-v5.5.5/components/esp_system C:/Espressif/frameworks/esp-idf-v5.5.5/components/esp_timer C:/Espressif/frameworks/esp-idf-v5.5.5/components/esp_vfs_console C:/Espressif/frameworks/esp-idf-v5.5.5/components/esp_wifi C:/Espressif/frameworks/esp-idf-v5.5.5/components/espcoredump C:/Espressif/frameworks/esp-idf-v5.5.5/components/esptool_py C:/Espressif/frameworks/esp-idf-v5.5.5/components/fatfs C:/Espressif/frameworks/esp-idf-v5.5.5/components/freertos C:/Espressif/frameworks/esp-idf-v5.5.5/components/hal C:/Espressif/frameworks/esp-idf-v5.5.5/components/heap C:/Espressif/frameworks/esp-idf-v5.5.5/components/http_parser C:/Espressif/frameworks/esp-idf-v5.5.5/components/idf_test C:/Espressif/frameworks/esp-idf-v5.5.5/components/ieee802154 C:/Espressif/frameworks/esp-idf-v5.5.5/components/json C:/Espressif/frameworks/esp-idf-v5.5.5/components/log C:/Espressif/frameworks/esp-idf-v5.5.5/components/lwip D:/Projects/PROD/spotify-knob/firmware/hello_world/main C:/Espressif/frameworks/esp-idf-v5.5.5/components/mbedtls C:/Espressif/frameworks/esp-idf-v5.5.5/components/mqtt C:/Espressif/frameworks/esp-idf-v5.5.5/components/newlib C:/Espressif/frameworks/esp-idf-v5.5.5/components/nvs_flash C:/Espressif/frameworks/esp-idf-v5.5.5/components/nvs_sec_provider C:/Espressif/frameworks/esp-idf-v5.5.5/components/openthread C:/Espressif/frameworks/esp-idf-v5.5.5/components/partition_table C:/Espressif/frameworks/esp-idf-v5.5.5/components/perfmon C:/Espressif/frameworks/esp-idf-v5.5.5/components/protobuf-c C:/Espressif/frameworks/esp-idf-v5.5.5/components/protocomm C:/Espressif/frameworks/esp-idf-v5.5.5/components/pthread C:/Espressif/frameworks/esp-idf-v5.5.5/components/rt C:/Espressif/frameworks/esp-idf-v5.5.5/components/sdmmc C:/Espressif/frameworks/esp-idf-v5.5.5/components/soc C:/Espressif/frameworks/esp-idf-v5.5.5/components/spi_flash C:/Espressif/frameworks/esp-idf-v5.5.5/components/spiffs C:/Espressif/frameworks/esp-idf-v5.5.5/components/tcp_transport C:/Espressif/frameworks/esp-idf-v5.5.5/components/touch_element C:/Espressif/frameworks/esp-idf-v5.5.5/components/ulp C:/Espressif/frameworks/esp-idf-v5.5.5/components/unity C:/Espressif/frameworks/esp-idf-v5.5.5/components/usb C:/Espressif/frameworks/esp-idf-v5.5.5/components/vfs C:/Espressif/frameworks/esp-idf-v5.5.5/components/wear_levelling C:/Espressif/frameworks/esp-idf-v5.5.5/components/wifi_provisioning C:/Espressif/frameworks/esp-idf-v5.5.5/components/wpa_supplicant C:/Espressif/frameworks/esp-idf-v5.5.5/components/xtensa
-- Configuring done (11.8s)
-- Generating done (1.1s)
-- Build files have been written to: D:/Projects/PROD/spotify-knob/firmware/hello_world/build
[4/1382] Generating ../../partition_table/partition-table.bin
Partition table binary generated. Contents:
*******************************************************************************
# ESP-IDF Partition Table
# Name, Type, SubType, Offset, Size, Flags
nvs,data,nvs,0x9000,24K,
phy_init,data,phy,0xf000,4K,
factory,app,factory,0x10000,1M,
*******************************************************************************
[1372/1382] Performing configure step for 'bootloader'
-- Found Git: C:/Espressif/tools/idf-git/2.44.0/cmd/git.exe (found version "2.44.0.windows.1")
-- Component directory C:/Espressif/frameworks/esp-idf-v5.5.5/components/esp_blockdev does not contain a CMakeLists.txt file. No component will be added
-- Minimal build - OFF
-- The C compiler identification is GNU 14.2.0
-- The CXX compiler identification is GNU 14.2.0
-- The ASM compiler identification is GNU
-- Found assembler: C:/Espressif/tools/xtensa-esp-elf/esp-14.2.0_20260121/xtensa-esp-elf/bin/xtensa-esp32s3-elf-gcc.exe
-- Detecting C compiler ABI info
-- Detecting C compiler ABI info - done
-- Check for working C compiler: C:/Espressif/tools/xtensa-esp-elf/esp-14.2.0_20260121/xtensa-esp-elf/bin/xtensa-esp32s3-elf-gcc.exe - skipped
-- Detecting C compile features
-- Detecting C compile features - done
-- Detecting CXX compiler ABI info
-- Detecting CXX compiler ABI info - done
-- Check for working CXX compiler: C:/Espressif/tools/xtensa-esp-elf/esp-14.2.0_20260121/xtensa-esp-elf/bin/xtensa-esp32s3-elf-g++.exe - skipped
-- Detecting CXX compile features
-- Detecting CXX compile features - done
-- Building ESP-IDF components for target esp32s3
-- ESP-TEE is currently supported only on the esp32c6;esp32h2;esp32c5 SoCs
-- Project sdkconfig file D:/Projects/PROD/spotify-knob/firmware/hello_world/sdkconfig
-- Compiler supported targets: xtensa-esp-elf
-- Detecting C compiler ABI info
-- Detecting C compiler ABI info - done
-- Detecting CXX compiler ABI info
-- Detecting CXX compiler ABI info - done
-- Detecting C compiler ABI info
-- Detecting C compiler ABI info - done
-- Detecting CXX compiler ABI info
-- Detecting CXX compiler ABI info - done
-- Adding linker script C:/Espressif/frameworks/esp-idf-v5.5.5/components/soc/esp32s3/ld/esp32s3.peripherals.ld
-- Bootloader project name: "bootloader" version: 1
-- Adding linker script C:/Espressif/frameworks/esp-idf-v5.5.5/components/esp_rom/esp32s3/ld/esp32s3.rom.ld
-- Adding linker script C:/Espressif/frameworks/esp-idf-v5.5.5/components/esp_rom/esp32s3/ld/esp32s3.rom.api.ld
-- Adding linker script C:/Espressif/frameworks/esp-idf-v5.5.5/components/esp_rom/esp32s3/ld/esp32s3.rom.bt_funcs.ld
-- Adding linker script C:/Espressif/frameworks/esp-idf-v5.5.5/components/esp_rom/esp32s3/ld/esp32s3.rom.libgcc.ld
-- Adding linker script C:/Espressif/frameworks/esp-idf-v5.5.5/components/esp_rom/esp32s3/ld/esp32s3.rom.wdt.ld
-- Adding linker script C:/Espressif/frameworks/esp-idf-v5.5.5/components/esp_rom/esp32s3/ld/esp32s3.rom.version.ld
-- Adding linker script C:/Espressif/frameworks/esp-idf-v5.5.5/components/esp_rom/esp32s3/ld/esp32s3.rom.libc.ld
-- Adding linker script C:/Espressif/frameworks/esp-idf-v5.5.5/components/esp_rom/esp32s3/ld/esp32s3.rom.newlib.ld
-- Adding linker script C:/Espressif/frameworks/esp-idf-v5.5.5/components/bootloader/subproject/main/ld/esp32s3/bootloader.rom.ld
-- Components: bootloader bootloader_support efuse esp_app_format esp_bootloader_format esp_common esp_hw_support esp_rom esp_security esp_system esptool_py freertos hal log main micro-ecc newlib partition_table soc spi_flash xtensa
-- Component paths: C:/Espressif/frameworks/esp-idf-v5.5.5/components/bootloader C:/Espressif/frameworks/esp-idf-v5.5.5/components/bootloader_support C:/Espressif/frameworks/esp-idf-v5.5.5/components/efuse C:/Espressif/frameworks/esp-idf-v5.5.5/components/esp_app_format C:/Espressif/frameworks/esp-idf-v5.5.5/components/esp_bootloader_format C:/Espressif/frameworks/esp-idf-v5.5.5/components/esp_common C:/Espressif/frameworks/esp-idf-v5.5.5/components/esp_hw_support C:/Espressif/frameworks/esp-idf-v5.5.5/components/esp_rom C:/Espressif/frameworks/esp-idf-v5.5.5/components/esp_security C:/Espressif/frameworks/esp-idf-v5.5.5/components/esp_system C:/Espressif/frameworks/esp-idf-v5.5.5/components/esptool_py C:/Espressif/frameworks/esp-idf-v5.5.5/components/freertos C:/Espressif/frameworks/esp-idf-v5.5.5/components/hal C:/Espressif/frameworks/esp-idf-v5.5.5/components/log C:/Espressif/frameworks/esp-idf-v5.5.5/components/bootloader/subproject/main C:/Espressif/frameworks/esp-idf-v5.5.5/components/bootloader/subproject/components/micro-ecc C:/Espressif/frameworks/esp-idf-v5.5.5/components/newlib C:/Espressif/frameworks/esp-idf-v5.5.5/components/partition_table C:/Espressif/frameworks/esp-idf-v5.5.5/components/soc C:/Espressif/frameworks/esp-idf-v5.5.5/components/spi_flash C:/Espressif/frameworks/esp-idf-v5.5.5/components/xtensa
-- Adding linker script C:/Espressif/frameworks/esp-idf-v5.5.5/components/bootloader/subproject/main/ld/esp32s3/bootloader.ld
-- Configuring done (61.6s)
-- Generating done (0.2s)
-- Build files have been written to: D:/Projects/PROD/spotify-knob/firmware/hello_world/build/bootloader
[122/123] Generating binary image from built executable
esptool.py v4.12.0
Creating esp32s3 image...
Merged 2 ELF sections
Successfully created esp32s3 image.
Generated D:/Projects/PROD/spotify-knob/firmware/hello_world/build/bootloader/bootloader.bin
[123/123] C:\WINDOWS\system32\cmd.exe /C "cd /D D:\Projects\PROD\spotify-...s/PROD/spotify-knob/firmware/hello_world/build/bootloader/bootloader.bin"
Bootloader binary size 0x5160 bytes. 0x2ea0 bytes (36%) free.
[1379/1382] Generating binary image from built executable
esptool.py v4.12.0
Creating esp32s3 image...
Merged 2 ELF sections
Successfully created esp32s3 image.
Generated D:/Projects/PROD/spotify-knob/firmware/hello_world/build/hello_world.bin
[1380/1382] C:\WINDOWS\system32\cmd.exe /C "cd /D D:\Projects\PROD\spotif...D:/Projects/PROD/spotify-knob/firmware/hello_world/build/hello_world.bin"
hello_world.bin binary size 0x35210 bytes. Smallest app partition is 0x100000 bytes. 0xcadf0 bytes (79%) free.
[1380/1382] C:\WINDOWS\system32\cmd.exe /C "cd /D C:\Espressif\frameworks...if/frameworks/esp-idf-v5.5.5/components/esptool_py/run_serial_tool.cmake"
esptool.py --chip esp32s3 -p COM7 -b 460800 --before=default_reset --after=hard_reset write_flash --flash_mode dio --flash_freq 80m --flash_size 2MB 0x0 bootloader/bootloader.bin 0x10000 hello_world.bin 0x8000 partition_table/partition-table.bin
esptool.py v4.12.0
Serial port COM7
Connecting...
Chip is ESP32-S3 (QFN56) (revision v0.2)
Features: WiFi, BLE, Embedded PSRAM 8MB (AP_3v3)
Crystal is 40MHz
USB mode: USB-Serial/JTAG
MAC: ac:a7:04:ef:40:54
Uploading stub...
Running stub...
Stub running...
Changing baud rate to 460800
Changed.
Configuring flash size...
Flash will be erased from 0x00000000 to 0x00005fff...
Flash will be erased from 0x00010000 to 0x00045fff...
Flash will be erased from 0x00008000 to 0x00008fff...
SHA digest in image updated
Compressed 20832 bytes to 13351...
Writing at 0x00000000... (100 %)
Wrote 20832 bytes (13351 compressed) at 0x00000000 in 0.3 seconds (effective 499.0 kbit/s)...
Hash of data verified.
Compressed 217616 bytes to 115184...
Writing at 0x00010000... (12 %)
Writing at 0x0001c86c... (25 %)
Writing at 0x00023173... (37 %)
Writing at 0x00029899... (50 %)
Writing at 0x0002fe8b... (62 %)
Writing at 0x0003837a... (75 %)
Writing at 0x0003e460... (87 %)
Writing at 0x00044f97... (100 %)
Wrote 217616 bytes (115184 compressed) at 0x00010000 in 1.8 seconds (effective 971.5 kbit/s)...
Hash of data verified.
Compressed 3072 bytes to 103...
Writing at 0x00008000... (100 %)
Wrote 3072 bytes (103 compressed) at 0x00008000 in 0.1 seconds (effective 229.7 kbit/s)...
Hash of data verified.

Leaving...
Hard resetting via RTS pin...
Executing action: monitor
Running idf_monitor in directory D:\Projects\PROD\spotify-knob\firmware\hello_world
Executing "C:\Espressif\python_env\idf5.5_py3.11_env\Scripts\python.exe C:\Espressif\frameworks\esp-idf-v5.5.5\tools/idf_monitor.py -p COM7 -b 115200 --toolchain-prefix xtensa-esp32s3-elf- --target esp32s3 --revision 0 D:\Projects\PROD\spotify-knob\firmware\hello_world\build\hello_world.elf D:\Projects\PROD\spotify-knob\firmware\hello_world\build\bootloader\bootloader.elf --force-color -m 'C:\Espressif\python_env\idf5.5_py3.11_env\Scripts\python.exe' 'C:\Espressif\frameworks\esp-idf-v5.5.5\tools\idf.py' '-p' 'COM7'"...
--- Warning: GDB cannot open serial ports accessed as COMx
--- Using \\.\COM7 instead...
--- esp-idf-monitor 1.9.0 on \\.\COM7 115200
--- Quit: Ctrl+] | Menu: Ctrl+T | Help: Ctrl+T followed by Ctrl+H
I (103) esp_image: segment 3: paddr=00020020 vaddr=42000020 sizeESP-ROM:esp32s3-20210327
Build:Mar 27 2021
rst:0x15 (USB_UART_CHIP_RESET),boot:0x2b (SPI_FAST_FLASH_BOOT)
Saved PC:0x420065b7
--- 0x420065b7: s_test_psram at C:/Espressif/frameworks/esp-idf-v5.5.5/components/esp_psram/system_layer/esp_psram.c:700
SPIWP:0xee
mode:DIO, clock div:1
load:0x3fce2820,len:0x14f0
load:0x403c8700,len:0xd24
--- 0x403c8700: _stext at ??:?
load:0x403cb700,len:0x2eec
entry 0x403c8924
--- 0x403c8924: call_start_cpu0 at C:/Espressif/frameworks/esp-idf-v5.5.5/components/bootloader/subproject/main/bootloader_start.c:27
I (24) boot: ESP-IDF v5.5.5 2nd stage bootloader
I (24) boot: compile time Sep  2 2026 21:27:06
I (25) boot: Multicore bootloader
I (25) boot: chip revision: v0.2
I (28) boot: efuse block revision: v1.3
I (31) boot.esp32s3: Boot SPI Speed : 80MHz
I (35) boot.esp32s3: SPI Mode       : DIO
I (39) boot.esp32s3: SPI Flash Size : 2MB
I (43) boot: Enabling RNG early entropy source...
I (47) boot: Partition Table:
I (50) boot: ## Label            Usage          Type ST Offset   Length
I (56) boot:  0 nvs              WiFi data        01 02 00009000 00006000
I (62) boot:  1 phy_init         RF data          01 01 0000f000 00001000
I (69) boot:  2 factory          factory app      00 00 00010000 00100000
I (76) boot: End of partition table
I (79) esp_image: segment 0: paddr=00010020 vaddr=3c020020 size=0ab10h ( 43792) map
I (94) esp_image: segment 1: paddr=0001ab38 vaddr=3fc93500 size=033bch ( 13244) load
I (98) esp_image: segment 2: paddr=0001defc vaddr=40374000 size=0211ch (  8476) load
I (103) esp_image: segment 3: paddr=00020020 vaddr=42000020 size=17e78h ( 97912) map
I (126) esp_image: segment 4: paddr=00037ea0 vaddr=4037611c size=0d31ch ( 54044) load
I (139) esp_image: segment 5: paddr=000451c4 vaddr=50000000 size=00020h (    32) load
I (146) boot: Loaded app from partition at offset 0x10000
I (146) boot: Disabling RNG early entropy source...
I (157) octal_psram: vendor id    : 0x0d (AP)
I (157) octal_psram: dev id       : 0x02 (generation 3)
I (158) octal_psram: density      : 0x03 (64 Mbit)
I (159) octal_psram: good-die     : 0x01 (Pass)
I (163) octal_psram: Latency      : 0x01 (Fixed)
I (168) octal_psram: VCC          : 0x01 (3V)
I (172) octal_psram: SRF          : 0x01 (Fast Refresh)
I (177) octal_psram: BurstType    : 0x01 (Hybrid Wrap)
I (182) octal_psram: BurstLen     : 0x01 (32 Byte)
I (186) octal_psram: Readlatency  : 0x02 (10 cycles@Fixed)
I (191) octal_psram: DriveStrength: 0x00 (1/1)
I (196) esp_psram: Found 8MB PSRAM device
I (199) esp_psram: Speed: 40MHz
I (202) cpu_start: Multicore app
I (936) esp_psram: SPI SRAM memory test OK
I (945) cpu_start: GPIO 44 and 43 are used as console UART I/O pins
I (945) cpu_start: Pro cpu start user code
I (945) cpu_start: cpu freq: 160000000 Hz
I (947) app_init: Application information:
I (951) app_init: Project name:     hello_world
I (955) app_init: App version:      1
I (958) app_init: Compile time:     Sep  2 2026 21:25:51
I (963) app_init: ELF file SHA256:  25db59005...
I (968) app_init: ESP-IDF:          v5.5.5
I (971) efuse_init: Min chip rev:     v0.0
I (975) efuse_init: Max chip rev:     v0.99
I (979) efuse_init: Chip rev:         v0.2
I (983) heap_init: Initializing. RAM available for dynamic allocation:
I (989) heap_init: At 3FC971F0 len 00052520 (329 KiB): RAM
I (995) heap_init: At 3FCE9710 len 00005724 (21 KiB): RAM
I (1000) heap_init: At 3FCF0000 len 00008000 (32 KiB): DRAM
I (1005) heap_init: At 600FE000 len 00001FE8 (7 KiB): RTCRAM
I (1011) esp_psram: Adding pool of 8192K of PSRAM memory to heap allocator
I (1018) spi_flash: detected chip: boya
I (1021) spi_flash: flash io: dio
W (1024) spi_flash: Detected size(16384k) larger than the size in the binary image header(2048k). Using the size in the binary image header.
I (1036) sleep_gpio: Configure to isolate all GPIO pins in sleep state
I (1042) sleep_gpio: Enable automatic switching of GPIO sleep configuration
I (1058) main_task: Started on CPU0
I (1058) esp_psram: Reserving pool of 32K of internal memory for DMA/internal allocations
I (1068) main_task: Calling app_main()
Hello world!
This is esp32s3 chip with 2 CPU core(s), WiFi/BLE, silicon revision v0.2, 2MB external flash
Minimum free heap size: 8731844 bytes
Restarting in 10 seconds...
Restarting in 9 seconds...
Restarting in 8 seconds...
Restarting in 7 seconds...
Restarting in 6 seconds...
Restarting in 5 seconds...
Restarting in 4 seconds...
Restarting in 3 seconds...
Restarting in 2 seconds...
Restarting in 1 seconds...
Restarting in 0 seconds...
Restarting now.
ESP-ROM:esp32s3-20210327
Build:Mar 27 2021
rst:0xc (RTC_SW_CPU_RST),boot:0x2b (SPI_FAST_FLASH_BOOT)
Saved PC:0x4037a549
--- 0x4037a549: esp_restart_noos at C:/Espressif/frameworks/esp-idf-v5.5.5/components/esp_system/port/soc/esp32s3/system_internal.c:164
SPIWP:0xee
mode:DIO, clock div:1
load:0x3fce2820,len:0x14f0
load:0x403c8700,len:0xd24
--- 0x403c8700: _stext at ??:?
load:0x403cb700,len:0x2eec
entry 0x403c8924
--- 0x403c8924: call_start_cpu0 at C:/Espressif/frameworks/esp-idf-v5.5.5/components/bootloader/subproject/main/bootloader_start.c:27
I (24) boot: ESP-IDF v5.5.5 2nd stage bootloader
I (24) boot: compile time Sep  2 2026 21:27:06
I (24) boot: Multicore bootloader
I (25) boot: chip revision: v0.2
I (27) boot: efuse block revision: v1.3
I (31) boot.esp32s3: Boot SPI Speed : 80MHz
I (35) boot.esp32s3: SPI Mode       : DIO
I (38) boot.esp32s3: SPI Flash Size : 2MB
I (42) boot: Enabling RNG early entropy source...
I (47) boot: Partition Table:
I (49) boot: ## Label            Usage          Type ST Offset   Length
I (55) boot:  0 nvs              WiFi data        01 02 00009000 00006000
I (62) boot:  1 phy_init         RF data          01 01 0000f000 00001000
I (68) boot:  2 factory          factory app      00 00 00010000 00100000
I (75) boot: End of partition table
I (78) esp_image: segment 0: paddr=00010020 vaddr=3c020020 size=0ab10h ( 43792) map
I (94) esp_image: segment 1: paddr=0001ab38 vaddr=3fc93500 size=033bch ( 13244) load
I (97) esp_image: segment 2: paddr=0001defc vaddr=40374000 size=0211ch (  8476) load
I (103) esp_image: segment 3: paddr=00020020 vaddr=42000020 size=17e78h ( 97912) map
I (126) esp_image: segment 4: paddr=00037ea0 vaddr=4037611c size=0d31ch ( 54044) load
I (139) esp_image: segment 5: paddr=000451c4 vaddr=50000000 size=00020h (    32) load
I (146) boot: Loaded app from partition at offset 0x10000
I (146) boot: Disabling RNG early entropy source...
I (156) octal_psram: vendor id    : 0x0d (AP)
I (157) octal_psram: dev id       : 0x02 (generation 3)
I (157) octal_psram: density      : 0x03 (64 Mbit)
I (159) octal_psram: good-die     : 0x01 (Pass)
I (163) octal_psram: Latency      : 0x01 (Fixed)
I (167) octal_psram: VCC          : 0x01 (3V)
I (171) octal_psram: SRF          : 0x01 (Fast Refresh)
I (176) octal_psram: BurstType    : 0x01 (Hybrid Wrap)
I (181) octal_psram: BurstLen     : 0x01 (32 Byte)
I (186) octal_psram: Readlatency  : 0x02 (10 cycles@Fixed)
I (191) octal_psram: DriveStrength: 0x00 (1/1)
I (195) esp_psram: Found 8MB PSRAM device
I (199) esp_psram: Speed: 40MHz
I (202) cpu_start: Multicore app
I (936) esp_psram: SPI SRAM memory test OK
I (944) cpu_start: GPIO 44 and 43 are used as console UART I/O pins
I (945) cpu_start: Pro cpu start user code
I (945) cpu_start: cpu freq: 160000000 Hz
I (946) app_init: Application information:
I (950) app_init: Project name:     hello_world
I (954) app_init: App version:      1
I (958) app_init: Compile time:     Sep  2 2026 21:25:51
I (963) app_init: ELF file SHA256:  25db59005...
I (967) app_init: ESP-IDF:          v5.5.5
I (971) efuse_init: Min chip rev:     v0.0
I (975) efuse_init: Max chip rev:     v0.99
I (979) efuse_init: Chip rev:         v0.2
I (983) heap_init: Initializing. RAM available for dynamic allocation:
I (989) heap_init: At 3FC971F0 len 00052520 (329 KiB): RAM
I (994) heap_init: At 3FCE9710 len 00005724 (21 KiB): RAM
I (999) heap_init: At 3FCF0000 len 00008000 (32 KiB): DRAM
I (1004) heap_init: At 600FE000 len 00001FE8 (7 KiB): RTCRAM
I (1010) esp_psram: Adding pool of 8192K of PSRAM memory to heap allocator
I (1017) spi_flash: detected chip: boya
I (1020) spi_flash: flash io: dio
W (1023) spi_flash: Detected size(16384k) larger than the size in the binary image header(2048k). Using the size in the binary image header.
I (1036) sleep_gpio: Configure to isolate all GPIO pins in sleep state
I (1042) sleep_gpio: Enable automatic switching of GPIO sleep configuration
I (1057) main_task: Started on CPU0
I (1057) esp_psram: Reserving pool of 32K of internal memory for DMA/internal allocations
I (1067) main_task: Calling app_main()
Hello world!
This is esp32s3 chip with 2 CPU core(s), WiFi/BLE, silicon revision v0.2, 2MB external flash
Minimum free heap size: 8731844 bytes
Restarting in 10 seconds...
Restarting in 9 seconds...
Restarting in 8 seconds...
Restarting in 7 seconds...
Restarting in 6 seconds...
Restarting in 5 seconds...
Restarting in 4 seconds...
Restarting in 3 seconds...
Restarting in 2 seconds...
Restarting in 1 seconds...
Restarting in 0 seconds...
Restarting now.
ESP-ROM:esp32s3-20210327
Build:Mar 27 2021
rst:0xc (RTC_SW_CPU_RST),boot:0x2b (SPI_FAST_FLASH_BOOT)
Saved PC:0x4037a549
--- 0x4037a549: esp_restart_noos at C:/Espressif/frameworks/esp-idf-v5.5.5/components/esp_system/port/soc/esp32s3/system_internal.c:164
SPIWP:0xee
mode:DIO, clock div:1
load:0x3fce2820,len:0x14f0
load:0x403c8700,len:0xd24
--- 0x403c8700: _stext at ??:?
load:0x403cb700,len:0x2eec
entry 0x403c8924
--- 0x403c8924: call_start_cpu0 at C:/Espressif/frameworks/esp-idf-v5.5.5/components/bootloader/subproject/main/bootloader_start.c:27
I (24) boot: ESP-IDF v5.5.5 2nd stage bootloader
I (24) boot: compile time Sep  2 2026 21:27:06
I (25) boot: Multicore bootloader
I (25) boot: chip revision: v0.2
I (27) boot: efuse block revision: v1.3
I (31) boot.esp32s3: Boot SPI Speed : 80MHz
I (35) boot.esp32s3: SPI Mode       : DIO
I (38) boot.esp32s3: SPI Flash Size : 2MB
I (42) boot: Enabling RNG early entropy source...
I (47) boot: Partition Table:
I (49) boot: ## Label            Usage          Type ST Offset   Length
I (55) boot:  0 nvs              WiFi data        01 02 00009000 00006000
I (62) boot:  1 phy_init         RF data          01 01 0000f000 00001000
I (68) boot:  2 factory          factory app      00 00 00010000 00100000
I (75) boot: End of partition table
I (78) esp_image: segment 0: paddr=00010020 vaddr=3c020020 size=0ab10h ( 43792) map
I (94) esp_image: segment 1: paddr=0001ab38 vaddr=3fc93500 size=033bch ( 13244) load
I (97) esp_image: segment 2: paddr=0001defc vaddr=40374000 size=0211ch (  8476) load
I (103) esp_image: segment 3: paddr=00020020 vaddr=42000020 size=17e78h ( 97912) map
I (126) esp_image: segment 4: paddr=00037ea0 vaddr=4037611c size=0d31ch ( 54044) load
I (139) esp_image: segment 5: paddr=000451c4 vaddr=50000000 size=00020h (    32) load
I (146) boot: Loaded app from partition at offset 0x10000
I (146) boot: Disabling RNG early entropy source...
I (157) octal_psram: vendor id    : 0x0d (AP)
I (157) octal_psram: dev id       : 0x02 (generation 3)
I (157) octal_psram: density      : 0x03 (64 Mbit)
I (159) octal_psram: good-die     : 0x01 (Pass)
I (163) octal_psram: Latency      : 0x01 (Fixed)
I (167) octal_psram: VCC          : 0x01 (3V)
I (172) octal_psram: SRF          : 0x01 (Fast Refresh)
I (177) octal_psram: BurstType    : 0x01 (Hybrid Wrap)
I (181) octal_psram: BurstLen     : 0x01 (32 Byte)
I (186) octal_psram: Readlatency  : 0x02 (10 cycles@Fixed)
I (191) octal_psram: DriveStrength: 0x00 (1/1)
I (195) esp_psram: Found 8MB PSRAM device
I (199) esp_psram: Speed: 40MHz
I (202) cpu_start: Multicore app
I (936) esp_psram: SPI SRAM memory test OK
I (944) cpu_start: GPIO 44 and 43 are used as console UART I/O pins
I (945) cpu_start: Pro cpu start user code
I (945) cpu_start: cpu freq: 160000000 Hz
I (946) app_init: Application information:
I (950) app_init: Project name:     hello_world
I (955) app_init: App version:      1
I (958) app_init: Compile time:     Sep  2 2026 21:25:51
I (963) app_init: ELF file SHA256:  25db59005...
I (967) app_init: ESP-IDF:          v5.5.5
I (971) efuse_init: Min chip rev:     v0.0
I (975) efuse_init: Max chip rev:     v0.99
I (979) efuse_init: Chip rev:         v0.2
I (983) heap_init: Initializing. RAM available for dynamic allocation:
I (989) heap_init: At 3FC971F0 len 00052520 (329 KiB): RAM
I (994) heap_init: At 3FCE9710 len 00005724 (21 KiB): RAM
I (999) heap_init: At 3FCF0000 len 00008000 (32 KiB): DRAM
I (1005) heap_init: At 600FE000 len 00001FE8 (7 KiB): RTCRAM
I (1010) esp_psram: Adding pool of 8192K of PSRAM memory to heap allocator
I (1018) spi_flash: detected chip: boya
I (1020) spi_flash: flash io: dio
W (1023) spi_flash: Detected size(16384k) larger than the size in the binary image header(2048k). Using the size in the binary image header.
I (1036) sleep_gpio: Configure to isolate all GPIO pins in sleep state
I (1042) sleep_gpio: Enable automatic switching of GPIO sleep configuration
I (1057) main_task: Started on CPU0
I (1057) esp_psram: Reserving pool of 32K of internal memory for DMA/internal allocations
I (1067) main_task: Calling app_main()
Hello world!
This is esp32s3 chip with 2 CPU core(s), WiFi/BLE, silicon revision v0.2, 2MB external flash
Minimum free heap size: 8731844 bytes
Restarting in 10 seconds...
Restarting in 9 seconds...
Restarting in 8 seconds...
Restarting in 7 seconds...
Restarting in 6 seconds...
Restarting in 5 seconds...
Restarting in 4 seconds...
Restarting in 3 seconds...
Restarting in 2 seconds...
Restarting in 1 seconds...
Restarting in 0 seconds...
Restarting now.
ESP-ROM:esp32s3-20210327
Build:Mar 27 2021
rst:0xc (RTC_SW_CPU_RST),boot:0x2b (SPI_FAST_FLASH_BOOT)
Saved PC:0x4037a549
--- 0x4037a549: esp_restart_noos at C:/Espressif/frameworks/esp-idf-v5.5.5/components/esp_system/port/soc/esp32s3/system_internal.c:164
SPIWP:0xee
mode:DIO, clock div:1
load:0x3fce2820,len:0x14f0
load:0x403c8700,len:0xd24
--- 0x403c8700: _stext at ??:?
load:0x403cb700,len:0x2eec
entry 0x403c8924
--- 0x403c8924: call_start_cpu0 at C:/Espressif/frameworks/esp-idf-v5.5.5/components/bootloader/subproject/main/bootloader_start.c:27
I (24) boot: ESP-IDF v5.5.5 2nd stage bootloader
I (24) boot: compile time Sep  2 2026 21:27:06
I (24) boot: Multicore bootloader
I (25) boot: chip revision: v0.2
I (27) boot: efuse block revision: v1.3
I (31) boot.esp32s3: Boot SPI Speed : 80MHz
I (35) boot.esp32s3: SPI Mode       : DIO
I (38) boot.esp32s3: SPI Flash Size : 2MB
I (42) boot: Enabling RNG early entropy source...
I (47) boot: Partition Table:
I (49) boot: ## Label            Usage          Type ST Offset   Length
I (55) boot:  0 nvs              WiFi data        01 02 00009000 00006000
I (62) boot:  1 phy_init         RF data          01 01 0000f000 00001000
I (68) boot:  2 factory          factory app      00 00 00010000 00100000
I (75) boot: End of partition table
I (78) esp_image: segment 0: paddr=00010020 vaddr=3c020020 size=0ab10h ( 43792) map
I (94) esp_image: segment 1: paddr=0001ab38 vaddr=3fc93500 size=033bch ( 13244) load
I (97) esp_image: segment 2: paddr=0001defc vaddr=40374000 size=0211ch (  8476) load
I (103) esp_image: segment 3: paddr=00020020 vaddr=42000020 size=17e78h ( 97912) map
I (126) esp_image: segment 4: paddr=00037ea0 vaddr=4037611c size=0d31ch ( 54044) load
I (139) esp_image: segment 5: paddr=000451c4 vaddr=50000000 size=00020h (    32) load
I (146) boot: Loaded app from partition at offset 0x10000
I (146) boot: Disabling RNG early entropy source...
I (157) octal_psram: vendor id    : 0x0d (AP)
I (157) octal_psram: dev id       : 0x02 (generation 3)
I (157) octal_psram: density      : 0x03 (64 Mbit)
I (159) octal_psram: good-die     : 0x01 (Pass)
I (163) octal_psram: Latency      : 0x01 (Fixed)
I (167) octal_psram: VCC          : 0x01 (3V)
I (172) octal_psram: SRF          : 0x01 (Fast Refresh)
I (177) octal_psram: BurstType    : 0x01 (Hybrid Wrap)
I (181) octal_psram: BurstLen     : 0x01 (32 Byte)
I (186) octal_psram: Readlatency  : 0x02 (10 cycles@Fixed)
I (191) octal_psram: DriveStrength: 0x00 (1/1)
I (195) esp_psram: Found 8MB PSRAM device
I (199) esp_psram: Speed: 40MHz
I (202) cpu_start: Multicore app
I (936) esp_psram: SPI SRAM memory test OK
I (944) cpu_start: GPIO 44 and 43 are used as console UART I/O pins
I (945) cpu_start: Pro cpu start user code
I (945) cpu_start: cpu freq: 160000000 Hz
I (946) app_init: Application information:
I (950) app_init: Project name:     hello_world
I (955) app_init: App version:      1
I (958) app_init: Compile time:     Sep  2 2026 21:25:51
I (963) app_init: ELF file SHA256:  25db59005...
I (967) app_init: ESP-IDF:          v5.5.5
I (971) efuse_init: Min chip rev:     v0.0
I (975) efuse_init: Max chip rev:     v0.99
I (979) efuse_init: Chip rev:         v0.2
I (983) heap_init: Initializing. RAM available for dynamic allocation:
I (989) heap_init: At 3FC971F0 len 00052520 (329 KiB): RAM
I (994) heap_init: At 3FCE9710 len 00005724 (21 KiB): RAM
I (999) heap_init: At 3FCF0000 len 00008000 (32 KiB): DRAM
I (1005) heap_init: At 600FE000 len 00001FE8 (7 KiB): RTCRAM
I (1010) esp_psram: Adding pool of 8192K of PSRAM memory to heap allocator
I (1018) spi_flash: detected chip: boya
I (1020) spi_flash: flash io: dio
W (1023) spi_flash: Detected size(16384k) larger than the size in the binary image header(2048k). Using the size in the binary image header.
I (1036) sleep_gpio: Configure to isolate all GPIO pins in sleep state
I (1042) sleep_gpio: Enable automatic switching of GPIO sleep configuration
I (1057) main_task: Started on CPU0
I (1057) esp_psram: Reserving pool of 32K of internal memory for DMA/internal allocations
I (1067) main_task: Calling app_main()
Hello world!
This is esp32s3 chip with 2 CPU core(s), WiFi/BLE, silicon revision v0.2, 2MB external flash
Minimum free heap size: 8731844 bytes
Restarting in 10 seconds...
Restarting in 9 seconds...
Restarting in 8 seconds...
Restarting in 7 seconds...
Restarting in 6 seconds...
Restarting in 5 seconds...
Restarting in 4 seconds...
Restarting in 3 seconds...
Restarting in 2 seconds...
Restarting in 1 seconds...
Restarting in 0 seconds...
Restarting now.
ESP-ROM:esp32s3-20210327
Build:Mar 27 2021
rst:0xc (RTC_SW_CPU_RST),boot:0x2b (SPI_FAST_FLASH_BOOT)
Saved PC:0x4037a549
--- 0x4037a549: esp_restart_noos at C:/Espressif/frameworks/esp-idf-v5.5.5/components/esp_system/port/soc/esp32s3/system_internal.c:164
SPIWP:0xee
mode:DIO, clock div:1
load:0x3fce2820,len:0x14f0
load:0x403c8700,len:0xd24
--- 0x403c8700: _stext at ??:?
load:0x403cb700,len:0x2eec
entry 0x403c8924
--- 0x403c8924: call_start_cpu0 at C:/Espressif/frameworks/esp-idf-v5.5.5/components/bootloader/subproject/main/bootloader_start.c:27
I (24) boot: ESP-IDF v5.5.5 2nd stage bootloader
I (24) boot: compile time Sep  2 2026 21:27:06
I (24) boot: Multicore bootloader
I (25) boot: chip revision: v0.2
I (27) boot: efuse block revision: v1.3
I (31) boot.esp32s3: Boot SPI Speed : 80MHz
I (35) boot.esp32s3: SPI Mode       : DIO
I (38) boot.esp32s3: SPI Flash Size : 2MB
I (42) boot: Enabling RNG early entropy source...
I (47) boot: Partition Table:
I (49) boot: ## Label            Usage          Type ST Offset   Length
I (55) boot:  0 nvs              WiFi data        01 02 00009000 00006000
I (62) boot:  1 phy_init         RF data          01 01 0000f000 00001000
I (68) boot:  2 factory          factory app      00 00 00010000 00100000
I (75) boot: End of partition table
I (78) esp_image: segment 0: paddr=00010020 vaddr=3c020020 size=0ab10h ( 43792) map
I (94) esp_image: segment 1: paddr=0001ab38 vaddr=3fc93500 size=033bch ( 13244) load
I (97) esp_image: segment 2: paddr=0001defc vaddr=40374000 size=0211ch (  8476) load
I (103) esp_image: segment 3: paddr=00020020 vaddr=42000020 size=17e78h ( 97912) map
I (126) esp_image: segment 4: paddr=00037ea0 vaddr=4037611c size=0d31ch ( 54044) load
I (139) esp_image: segment 5: paddr=000451c4 vaddr=50000000 size=00020h (    32) load
I (146) boot: Loaded app from partition at offset 0x10000
I (146) boot: Disabling RNG early entropy source...
I (156) octal_psram: vendor id    : 0x0d (AP)
I (157) octal_psram: dev id       : 0x02 (generation 3)
I (157) octal_psram: density      : 0x03 (64 Mbit)
I (159) octal_psram: good-die     : 0x01 (Pass)
I (163) octal_psram: Latency      : 0x01 (Fixed)
I (167) octal_psram: VCC          : 0x01 (3V)
I (171) octal_psram: SRF          : 0x01 (Fast Refresh)
I (176) octal_psram: BurstType    : 0x01 (Hybrid Wrap)
I (181) octal_psram: BurstLen     : 0x01 (32 Byte)
I (186) octal_psram: Readlatency  : 0x02 (10 cycles@Fixed)
I (191) octal_psram: DriveStrength: 0x00 (1/1)
I (195) esp_psram: Found 8MB PSRAM device
I (199) esp_psram: Speed: 40MHz
I (202) cpu_start: Multicore app
I (936) esp_psram: SPI SRAM memory test OK
I (944) cpu_start: GPIO 44 and 43 are used as console UART I/O pins
I (945) cpu_start: Pro cpu start user code
I (945) cpu_start: cpu freq: 160000000 Hz
I (946) app_init: Application information:
I (950) app_init: Project name:     hello_world
I (954) app_init: App version:      1
I (958) app_init: Compile time:     Sep  2 2026 21:25:51
I (963) app_init: ELF file SHA256:  25db59005...
I (967) app_init: ESP-IDF:          v5.5.5
I (971) efuse_init: Min chip rev:     v0.0
I (975) efuse_init: Max chip rev:     v0.99
I (979) efuse_init: Chip rev:         v0.2
I (983) heap_init: Initializing. RAM available for dynamic allocation:
I (989) heap_init: At 3FC971F0 len 00052520 (329 KiB): RAM
I (994) heap_init: At 3FCE9710 len 00005724 (21 KiB): RAM
I (999) heap_init: At 3FCF0000 len 00008000 (32 KiB): DRAM
I (1004) heap_init: At 600FE000 len 00001FE8 (7 KiB): RTCRAM
I (1010) esp_psram: Adding pool of 8192K of PSRAM memory to heap allocator
I (1017) spi_flash: detected chip: boya
I (1020) spi_flash: flash io: dio
W (1023) spi_flash: Detected size(16384k) larger than the size in the binary image header(2048k). Using the size in the binary image header.
I (1036) sleep_gpio: Configure to isolate all GPIO pins in sleep state
I (1042) sleep_gpio: Enable automatic switching of GPIO sleep configuration
I (1057) main_task: Started on CPU0
I (1057) esp_psram: Reserving pool of 32K of internal memory for DMA/internal allocations
I (1067) main_task: Calling app_main()
Hello world!
This is esp32s3 chip with 2 CPU core(s), WiFi/BLE, silicon revision v0.2, 2MB external flash
Minimum free heap size: 8731844 bytes
Restarting in 10 seconds...
Restarting in 9 seconds...
Restarting in 8 seconds...
Restarting in 7 seconds...
Restarting in 6 seconds...
Restarting in 5 seconds...
Restarting in 4 seconds...
Restarting in 3 seconds...
Restarting in 2 seconds...
Restarting in 1 seconds...
Restarting in 0 seconds...
Restarting now.
ESP-ROM:esp32s3-20210327
Build:Mar 27 2021
rst:0xc (RTC_SW_CPU_RST),boot:0x2b (SPI_FAST_FLASH_BOOT)
Saved PC:0x4037a549
--- 0x4037a549: esp_restart_noos at C:/Espressif/frameworks/esp-idf-v5.5.5/components/esp_system/port/soc/esp32s3/system_internal.c:164
SPIWP:0xee
mode:DIO, clock div:1
load:0x3fce2820,len:0x14f0
load:0x403c8700,len:0xd24
--- 0x403c8700: _stext at ??:?
load:0x403cb700,len:0x2eec
entry 0x403c8924
--- 0x403c8924: call_start_cpu0 at C:/Espressif/frameworks/esp-idf-v5.5.5/components/bootloader/subproject/main/bootloader_start.c:27
I (24) boot: ESP-IDF v5.5.5 2nd stage bootloader
I (24) boot: compile time Sep  2 2026 21:27:06
I (25) boot: Multicore bootloader
I (25) boot: chip revision: v0.2
I (27) boot: efuse block revision: v1.3
I (31) boot.esp32s3: Boot SPI Speed : 80MHz
I (35) boot.esp32s3: SPI Mode       : DIO
I (38) boot.esp32s3: SPI Flash Size : 2MB
I (42) boot: Enabling RNG early entropy source...
I (47) boot: Partition Table:
I (49) boot: ## Label            Usage          Type ST Offset   Length
I (55) boot:  0 nvs              WiFi data        01 02 00009000 00006000
I (62) boot:  1 phy_init         RF data          01 01 0000f000 00001000
I (68) boot:  2 factory          factory app      00 00 00010000 00100000
I (75) boot: End of partition table
I (78) esp_image: segment 0: paddr=00010020 vaddr=3c020020 size=0ab10h ( 43792) map
I (94) esp_image: segment 1: paddr=0001ab38 vaddr=3fc93500 size=033bch ( 13244) load
I (97) esp_image: segment 2: paddr=0001defc vaddr=40374000 size=0211ch (  8476) load
I (103) esp_image: segment 3: paddr=00020020 vaddr=42000020 size=17e78h ( 97912) map
I (126) esp_image: segment 4: paddr=00037ea0 vaddr=4037611c size=0d31ch ( 54044) load
I (139) esp_image: segment 5: paddr=000451c4 vaddr=50000000 size=00020h (    32) load
I (146) boot: Loaded app from partition at offset 0x10000
I (146) boot: Disabling RNG early entropy source...
I (157) octal_psram: vendor id    : 0x0d (AP)
I (157) octal_psram: dev id       : 0x02 (generation 3)
I (157) octal_psram: density      : 0x03 (64 Mbit)
I (159) octal_psram: good-die     : 0x01 (Pass)
I (163) octal_psram: Latency      : 0x01 (Fixed)
I (167) octal_psram: VCC          : 0x01 (3V)
I (172) octal_psram: SRF          : 0x01 (Fast Refresh)
I (177) octal_psram: BurstType    : 0x01 (Hybrid Wrap)
I (181) octal_psram: BurstLen     : 0x01 (32 Byte)
I (186) octal_psram: Readlatency  : 0x02 (10 cycles@Fixed)
I (191) octal_psram: DriveStrength: 0x00 (1/1)
I (195) esp_psram: Found 8MB PSRAM device
I (199) esp_psram: Speed: 40MHz
I (202) cpu_start: Multicore app
I (936) esp_psram: SPI SRAM memory test OK
I (944) cpu_start: GPIO 44 and 43 are used as console UART I/O pins
I (945) cpu_start: Pro cpu start user code
I (945) cpu_start: cpu freq: 160000000 Hz
I (946) app_init: Application information:
I (950) app_init: Project name:     hello_world
I (955) app_init: App version:      1
I (958) app_init: Compile time:     Sep  2 2026 21:25:51
I (963) app_init: ELF file SHA256:  25db59005...
I (967) app_init: ESP-IDF:          v5.5.5
I (971) efuse_init: Min chip rev:     v0.0
I (975) efuse_init: Max chip rev:     v0.99
I (979) efuse_init: Chip rev:         v0.2
I (983) heap_init: Initializing. RAM available for dynamic allocation:
I (989) heap_init: At 3FC971F0 len 00052520 (329 KiB): RAM
I (994) heap_init: At 3FCE9710 len 00005724 (21 KiB): RAM
I (999) heap_init: At 3FCF0000 len 00008000 (32 KiB): DRAM
I (1005) heap_init: At 600FE000 len 00001FE8 (7 KiB): RTCRAM
I (1010) esp_psram: Adding pool of 8192K of PSRAM memory to heap allocator
I (1018) spi_flash: detected chip: boya
I (1020) spi_flash: flash io: dio
W (1023) spi_flash: Detected size(16384k) larger than the size in the binary image header(2048k). Using the size in the binary image header.
I (1036) sleep_gpio: Configure to isolate all GPIO pins in sleep state
I (1042) sleep_gpio: Enable automatic switching of GPIO sleep configuration
I (1057) main_task: Started on CPU0
I (1057) esp_psram: Reserving pool of 32K of internal memory for DMA/internal allocations
I (1067) main_task: Calling app_main()
Hello world!
This is esp32s3 chip with 2 CPU core(s), WiFi/BLE, silicon revision v0.2, 2MB external flash
Minimum free heap size: 8731844 bytes
Restarting in 10 seconds...
Restarting in 9 seconds...
Restarting in 8 seconds...
Restarting in 7 seconds...
Restarting in 6 seconds...
Restarting in 5 seconds...
Restarting in 4 seconds...
Restarting in 3 seconds...
Restarting in 2 seconds...
Restarting in 1 seconds...
Restarting in 0 seconds...
Restarting now.
ESP-ROM:esp32s3-20210327
Build:Mar 27 2021
rst:0xc (RTC_SW_CPU_RST),boot:0x2b (SPI_FAST_FLASH_BOOT)
Saved PC:0x4037a549
--- 0x4037a549: esp_restart_noos at C:/Espressif/frameworks/esp-idf-v5.5.5/components/esp_system/port/soc/esp32s3/system_internal.c:164
SPIWP:0xee
mode:DIO, clock div:1
load:0x3fce2820,len:0x14f0
load:0x403c8700,len:0xd24
--- 0x403c8700: _stext at ??:?
load:0x403cb700,len:0x2eec
entry 0x403c8924
--- 0x403c8924: call_start_cpu0 at C:/Espressif/frameworks/esp-idf-v5.5.5/components/bootloader/subproject/main/bootloader_start.c:27
I (24) boot: ESP-IDF v5.5.5 2nd stage bootloader
I (24) boot: compile time Sep  2 2026 21:27:06
I (24) boot: Multicore bootloader
I (25) boot: chip revision: v0.2
I (27) boot: efuse block revision: v1.3
I (31) boot.esp32s3: Boot SPI Speed : 80MHz
I (35) boot.esp32s3: SPI Mode       : DIO
I (38) boot.esp32s3: SPI Flash Size : 2MB
I (42) boot: Enabling RNG early entropy source...
I (47) boot: Partition Table:
I (49) boot: ## Label            Usage          Type ST Offset   Length
I (55) boot:  0 nvs              WiFi data        01 02 00009000 00006000
I (62) boot:  1 phy_init         RF data          01 01 0000f000 00001000
I (68) boot:  2 factory          factory app      00 00 00010000 00100000
I (75) boot: End of partition table
I (78) esp_image: segment 0: paddr=00010020 vaddr=3c020020 size=0ab10h ( 43792) map
I (94) esp_image: segment 1: paddr=0001ab38 vaddr=3fc93500 size=033bch ( 13244) load
I (97) esp_image: segment 2: paddr=0001defc vaddr=40374000 size=0211ch (  8476) load
I (103) esp_image: segment 3: paddr=00020020 vaddr=42000020 size=17e78h ( 97912) map
I (126) esp_image: segment 4: paddr=00037ea0 vaddr=4037611c size=0d31ch ( 54044) load
I (139) esp_image: segment 5: paddr=000451c4 vaddr=50000000 size=00020h (    32) load
I (146) boot: Loaded app from partition at offset 0x10000
I (146) boot: Disabling RNG early entropy source...
I (156) octal_psram: vendor id    : 0x0d (AP)
I (157) octal_psram: dev id       : 0x02 (generation 3)
I (157) octal_psram: density      : 0x03 (64 Mbit)
I (159) octal_psram: good-die     : 0x01 (Pass)
I (163) octal_psram: Latency      : 0x01 (Fixed)
I (167) octal_psram: VCC          : 0x01 (3V)
I (171) octal_psram: SRF          : 0x01 (Fast Refresh)
I (176) octal_psram: BurstType    : 0x01 (Hybrid Wrap)
I (181) octal_psram: BurstLen     : 0x01 (32 Byte)
I (186) octal_psram: Readlatency  : 0x02 (10 cycles@Fixed)
I (191) octal_psram: DriveStrength: 0x00 (1/1)
I (195) esp_psram: Found 8MB PSRAM device
I (199) esp_psram: Speed: 40MHz
I (202) cpu_start: Multicore app
I (936) esp_psram: SPI SRAM memory test OK
I (944) cpu_start: GPIO 44 and 43 are used as console UART I/O pins
I (945) cpu_start: Pro cpu start user code
I (945) cpu_start: cpu freq: 160000000 Hz
I (946) app_init: Application information:
I (950) app_init: Project name:     hello_world
I (954) app_init: App version:      1
I (958) app_init: Compile time:     Sep  2 2026 21:25:51
I (963) app_init: ELF file SHA256:  25db59005...
I (967) app_init: ESP-IDF:          v5.5.5
I (971) efuse_init: Min chip rev:     v0.0
I (975) efuse_init: Max chip rev:     v0.99
I (979) efuse_init: Chip rev:         v0.2
I (983) heap_init: Initializing. RAM available for dynamic allocation:
I (989) heap_init: At 3FC971F0 len 00052520 (329 KiB): RAM
I (994) heap_init: At 3FCE9710 len 00005724 (21 KiB): RAM
I (999) heap_init: At 3FCF0000 len 00008000 (32 KiB): DRAM
I (1004) heap_init: At 600FE000 len 00001FE8 (7 KiB): RTCRAM
I (1010) esp_psram: Adding pool of 8192K of PSRAM memory to heap allocator
I (1017) spi_flash: detected chip: boya
I (1020) spi_flash: flash io: dio
W (1023) spi_flash: Detected size(16384k) larger than the size in the binary image header(2048k). Using the size in the binary image header.
I (1036) sleep_gpio: Configure to isolate all GPIO pins in sleep state
I (1042) sleep_gpio: Enable automatic switching of GPIO sleep configuration
I (1057) main_task: Started on CPU0
I (1057) esp_psram: Reserving pool of 32K of internal memory for DMA/internal allocations
I (1067) main_task: Calling app_main()
Hello world!
This is esp32s3 chip with 2 CPU core(s), WiFi/BLE, silicon revision v0.2, 2MB external flash
Minimum free heap size: 8731844 bytes
Restarting in 10 seconds...
Restarting in 9 seconds...
Restarting in 8 seconds...
Restarting in 7 seconds...
Restarting in 6 seconds...
Restarting in 5 seconds...
Restarting in 4 seconds...
Restarting in 3 seconds...
Restarting in 2 seconds...
Restarting in 1 seconds...
Restarting in 0 seconds...
Restarting now.
ESP-ROM:esp32s3-20210327
Build:Mar 27 2021
rst:0xc (RTC_SW_CPU_RST),boot:0x2b (SPI_FAST_FLASH_BOOT)
Saved PC:0x4037a549
--- 0x4037a549: esp_restart_noos at C:/Espressif/frameworks/esp-idf-v5.5.5/components/esp_system/port/soc/esp32s3/system_internal.c:164
SPIWP:0xee
mode:DIO, clock div:1
load:0x3fce2820,len:0x14f0
load:0x403c8700,len:0xd24
--- 0x403c8700: _stext at ??:?
load:0x403cb700,len:0x2eec
entry 0x403c8924
--- 0x403c8924: call_start_cpu0 at C:/Espressif/frameworks/esp-idf-v5.5.5/components/bootloader/subproject/main/bootloader_start.c:27
I (24) boot: ESP-IDF v5.5.5 2nd stage bootloader
I (24) boot: compile time Sep  2 2026 21:27:06
I (25) boot: Multicore bootloader
I (25) boot: chip revision: v0.2
I (27) boot: efuse block revision: v1.3
I (31) boot.esp32s3: Boot SPI Speed : 80MHz
I (35) boot.esp32s3: SPI Mode       : DIO
I (38) boot.esp32s3: SPI Flash Size : 2MB
I (42) boot: Enabling RNG early entropy source...
I (47) boot: Partition Table:
I (49) boot: ## Label            Usage          Type ST Offset   Length
I (55) boot:  0 nvs              WiFi data        01 02 00009000 00006000
I (62) boot:  1 phy_init         RF data          01 01 0000f000 00001000
I (68) boot:  2 factory          factory app      00 00 00010000 00100000
I (75) boot: End of partition table
I (78) esp_image: segment 0: paddr=00010020 vaddr=3c020020 size=0ab10h ( 43792) map
I (94) esp_image: segment 1: paddr=0001ab38 vaddr=3fc93500 size=033bch ( 13244) load
I (97) esp_image: segment 2: paddr=0001defc vaddr=40374000 size=0211ch (  8476) load
I (103) esp_image: segment 3: paddr=00020020 vaddr=42000020 size=17e78h ( 97912) map
I (126) esp_image: segment 4: paddr=00037ea0 vaddr=4037611c size=0d31ch ( 54044) load
I (139) esp_image: segment 5: paddr=000451c4 vaddr=50000000 size=00020h (    32) load
I (146) boot: Loaded app from partition at offset 0x10000
I (146) boot: Disabling RNG early entropy source...
I (157) octal_psram: vendor id    : 0x0d (AP)
I (157) octal_psram: dev id       : 0x02 (generation 3)
I (157) octal_psram: density      : 0x03 (64 Mbit)
I (159) octal_psram: good-die     : 0x01 (Pass)
I (163) octal_psram: Latency      : 0x01 (Fixed)
I (167) octal_psram: VCC          : 0x01 (3V)
I (172) octal_psram: SRF          : 0x01 (Fast Refresh)
I (177) octal_psram: BurstType    : 0x01 (Hybrid Wrap)
I (181) octal_psram: BurstLen     : 0x01 (32 Byte)
I (186) octal_psram: Readlatency  : 0x02 (10 cycles@Fixed)
I (191) octal_psram: DriveStrength: 0x00 (1/1)
I (195) esp_psram: Found 8MB PSRAM device
I (199) esp_psram: Speed: 40MHz
I (202) cpu_start: Multicore app
I (936) esp_psram: SPI SRAM memory test OK
I (944) cpu_start: GPIO 44 and 43 are used as console UART I/O pins
I (945) cpu_start: Pro cpu start user code
I (945) cpu_start: cpu freq: 160000000 Hz
I (946) app_init: Application information:
I (950) app_init: Project name:     hello_world
I (955) app_init: App version:      1
I (958) app_init: Compile time:     Sep  2 2026 21:25:51
I (963) app_init: ELF file SHA256:  25db59005...
I (967) app_init: ESP-IDF:          v5.5.5
I (971) efuse_init: Min chip rev:     v0.0
I (975) efuse_init: Max chip rev:     v0.99
I (979) efuse_init: Chip rev:         v0.2
I (983) heap_init: Initializing. RAM available for dynamic allocation:
I (989) heap_init: At 3FC971F0 len 00052520 (329 KiB): RAM
I (994) heap_init: At 3FCE9710 len 00005724 (21 KiB): RAM
I (999) heap_init: At 3FCF0000 len 00008000 (32 KiB): DRAM
I (1005) heap_init: At 600FE000 len 00001FE8 (7 KiB): RTCRAM
I (1010) esp_psram: Adding pool of 8192K of PSRAM memory to heap allocator
I (1018) spi_flash: detected chip: boya
I (1020) spi_flash: flash io: dio
W (1023) spi_flash: Detected size(16384k) larger than the size in the binary image header(2048k). Using the size in the binary image header.
I (1036) sleep_gpio: Configure to isolate all GPIO pins in sleep state
I (1042) sleep_gpio: Enable automatic switching of GPIO sleep configuration
I (1057) main_task: Started on CPU0
I (1057) esp_psram: Reserving pool of 32K of internal memory for DMA/internal allocations
I (1067) main_task: Calling app_main()
Hello world!
This is esp32s3 chip with 2 CPU core(s), WiFi/BLE, silicon revision v0.2, 2MB external flash
Minimum free heap size: 8731844 bytes
Restarting in 10 seconds...
Restarting in 9 seconds...